[INFO] Scanning for projects...
[INFO] 
[INFO] ------------------< com.grcontrol:grcontrol_backend >-------------------
[INFO] Building grcontrol_backend 0.0.1-SNAPSHOT
[INFO]   from pom.xml
[INFO] --------------------------------[ jar ]---------------------------------
[INFO] 
[INFO] >>> spring-boot:3.5.7:run (default-cli) > test-compile @ grcontrol_backend >>>
[INFO] 
[INFO] --- resources:3.3.1:resources (default-resources) @ grcontrol_backend ---
[INFO] Copying 1 resource from src\main\resources to target\classes
[INFO] Copying 1 resource from src\main\resources to target\classes
[INFO] 
[INFO] --- compiler:3.14.1:compile (default-compile) @ grcontrol_backend ---
[INFO] Recompiling the module because of changed source code.
[INFO] Compiling 101 source files with javac [debug parameters release 21] to target\classes
[INFO] Annotation processing is enabled because one or more processors were found
  on the class path. A future release of javac may disable annotation processing
  unless at least one processor is specified by name (-processor), or a search
  path is specified (--processor-path, --processor-module-path), or annotation
  processing is enabled explicitly (-proc:only, -proc:full).
  Use -Xlint:-options to suppress this message.
  Use -proc:none to disable annotation processing.
[INFO] /E:/DEV/Grifo Aplicacion/App_Taller/grcontrol_backend/src/main/java/com/grcontrol/grcontrol_backend/config/SecurityConfig.java: Some input files use or override a deprecated API.
[INFO] /E:/DEV/Grifo Aplicacion/App_Taller/grcontrol_backend/src/main/java/com/grcontrol/grcontrol_backend/config/SecurityConfig.java: Recompile with -Xlint:deprecation for details.
[INFO] 
[INFO] --- resources:3.3.1:testResources (default-testResources) @ grcontrol_backend ---
[INFO] skip non existing resourceDirectory E:\DEV\Grifo Aplicacion\App_Taller\grcontrol_backend\src\test\resources
[INFO] 
[INFO] --- compiler:3.14.1:testCompile (default-testCompile) @ grcontrol_backend ---
[INFO] Recompiling the module because of changed dependency.
[INFO] Compiling 1 source file with javac [debug parameters release 21] to target\test-classes
[INFO] Annotation processing is enabled because one or more processors were found
  on the class path. A future release of javac may disable annotation processing
  unless at least one processor is specified by name (-processor), or a search
  path is specified (--processor-path, --processor-module-path), or annotation
  processing is enabled explicitly (-proc:only, -proc:full).
  Use -Xlint:-options to suppress this message.
  Use -proc:none to disable annotation processing.
[INFO] 
[INFO] <<< spring-boot:3.5.7:run (default-cli) < test-compile @ grcontrol_backend <<<
[INFO] 
[INFO] 
[INFO] --- spring-boot:3.5.7:run (default-cli) @ grcontrol_backend ---
[INFO] Attaching agents: []

  .   ____          _            __ _ _
 /\\ / ___'_ __ _ _(_)_ __  __ _ \ \ \ \
( ( )\___ | '_ | '_| | '_ \/ _` | \ \ \ \
 \\/  ___)| |_)| | | | | || (_| |  ) ) ) )
  '  |____| .__|_| |_|_| |_\__, | / / / /
 =========|_|==============|___/=/_/_/_/

 :: Spring Boot ::                (v3.5.7)

2025-12-05T14:46:22.732-05:00  INFO 25760 --- [grcontrol_backend] [  restartedMain] c.grcontrol.GrcontrolBackendApplication  : Starting GrcontrolBackendApplication using Java 21.0.7 with PID 25760 (E:\DEV\Grifo Aplicacion\App_Taller\grcontrol_backend\target\classes started by T0ky0 in E:\DEV\Grifo Aplicacion\App_Taller\grcontrol_backend)
2025-12-05T14:46:22.734-05:00  INFO 25760 --- [grcontrol_backend] [  restartedMain] c.grcontrol.GrcontrolBackendApplication  : No active profile set, falling back to 1 default profile: "default"
2025-12-05T14:46:22.776-05:00  INFO 25760 --- [grcontrol_backend] [  restartedMain] .e.DevToolsPropertyDefaultsPostProcessor : Devtools property defaults active! Set 'spring.devtools.add-properties' to 'false' to disable
2025-12-05T14:46:22.776-05:00  INFO 25760 --- [grcontrol_backend] [  restartedMain] .e.DevToolsPropertyDefaultsPostProcessor : For additional web related logging consider setting the 'logging.level.web' property to 'DEBUG'
2025-12-05T14:46:23.603-05:00  INFO 25760 --- [grcontrol_backend] [  restartedMain] .s.d.r.c.RepositoryConfigurationDelegate : Bootstrapping Spring Data JPA repositories in DEFAULT mode.
2025-12-05T14:46:23.711-05:00  INFO 25760 --- [grcontrol_backend] [  restartedMain] .s.d.r.c.RepositoryConfigurationDelegate : Finished Spring Data repository scanning in 100 ms. Found 16 JPA repository interfaces.
2025-12-05T14:46:24.326-05:00  INFO 25760 --- [grcontrol_backend] [  restartedMain] o.s.b.w.embedded.tomcat.TomcatWebServer  : Tomcat initialized with port 8080 (http)
2025-12-05T14:46:24.338-05:00  INFO 25760 --- [grcontrol_backend] [  restartedMain] o.apache.catalina.core.StandardService   : Starting service [Tomcat]
2025-12-05T14:46:24.339-05:00  INFO 25760 --- [grcontrol_backend] [  restartedMain] o.apache.catalina.core.StandardEngine    : Starting Servlet engine: [Apache Tomcat/10.1.48]
2025-12-05T14:46:24.376-05:00  INFO 25760 --- [grcontrol_backend] [  restartedMain] o.a.c.c.C.[Tomcat].[localhost].[/]       : Initializing Spring embedded WebApplicationContext
2025-12-05T14:46:24.378-05:00  INFO 25760 --- [grcontrol_backend] [  restartedMain] w.s.c.ServletWebServerApplicationContext : Root WebApplicationContext: initialization completed in 1599 ms
2025-12-05T14:46:24.510-05:00  INFO 25760 --- [grcontrol_backend] [  restartedMain] o.hibernate.jpa.internal.util.LogHelper  : HHH000204: Processing PersistenceUnitInfo [name: default]
2025-12-05T14:46:24.563-05:00  INFO 25760 --- [grcontrol_backend] [  restartedMain] org.hibernate.Version                    : HHH000412: Hibernate ORM core version 6.6.33.Final
2025-12-05T14:46:24.589-05:00  INFO 25760 --- [grcontrol_backend] [  restartedMain] o.h.c.internal.RegionFactoryInitiator    : HHH000026: Second-level cache disabled
2025-12-05T14:46:24.805-05:00  INFO 25760 --- [grcontrol_backend] [  restartedMain] o.s.o.j.p.SpringPersistenceUnitInfo      : No LoadTimeWeaver setup: ignoring JPA class transformer
2025-12-05T14:46:24.830-05:00  INFO 25760 --- [grcontrol_backend] [  restartedMain] com.zaxxer.hikari.HikariDataSource       : HikariPool-1 - Starting...
2025-12-05T14:46:24.985-05:00  INFO 25760 --- [grcontrol_backend] [  restartedMain] com.zaxxer.hikari.pool.HikariPool        : HikariPool-1 - Added connection org.postgresql.jdbc.PgConnection@fbf8c7c
2025-12-05T14:46:24.986-05:00  INFO 25760 --- [grcontrol_backend] [  restartedMain] com.zaxxer.hikari.HikariDataSource       : HikariPool-1 - Start completed.
2025-12-05T14:46:25.046-05:00  INFO 25760 --- [grcontrol_backend] [  restartedMain] org.hibernate.orm.connections.pooling    : HHH10001005: Database info:
	Database JDBC URL [Connecting through datasource 'HikariDataSource (HikariPool-1)']
	Database driver: undefined/unknown
	Database version: 15.15
	Autocommit mode: undefined/unknown
	Isolation level: undefined/unknown
	Minimum pool size: undefined/unknown
	Maximum pool size: undefined/unknown
2025-12-05T14:46:26.237-05:00  INFO 25760 --- [grcontrol_backend] [  restartedMain] o.h.e.t.j.p.i.JtaPlatformInitiator       : HHH000489: No JTA platform available (set 'hibernate.transaction.jta.platform' to enable JTA platform integration)
Hibernate: 
    set client_min_messages = WARNING
Hibernate: 
    alter table if exists arqueos 
       drop constraint if exists FK25or831b49t7aiw8wj10oihej
Hibernate: 
    alter table if exists fuel_price_history 
       drop constraint if exists FKb5x4i4j32602bkrvos75rf761
Hibernate: 
    alter table if exists fuel_price_history 
       drop constraint if exists FK40km062nl32m5kyb0pm0y2x3r
Hibernate: 
    alter table if exists islands 
       drop constraint if exists FK9f8i3585quwhvmpsvsmd4oy5x
Hibernate: 
    alter table if exists movements 
       drop constraint if exists FKcd5t11dc94mepwk9ba99b4gdm
Hibernate: 
    alter table if exists nozzle_readings 
       drop constraint if exists FK5yjqnj1uwy3tvvfg2pc1b6nwj
Hibernate: 
    alter table if exists nozzle_readings 
       drop constraint if exists FKr4w2q6a7b7lrdikpe05k40n4b
Hibernate: 
    alter table if exists nozzle_readings 
       drop constraint if exists FK7jdxoi5au4tjeb4abi1cswt7g
Hibernate: 
    alter table if exists nozzles 
       drop constraint if exists FK3yyne4cm7uqnk5akjc2j280r9
Hibernate: 
    alter table if exists password_reset_tokens 
       drop constraint if exists FKk3ndxg5xp6v7wd4gjyusp15gq
Hibernate: 
    alter table if exists pump_configuration_history 
       drop constraint if exists FKolssoc4js3xxl0vq69yj2sihu
Hibernate: 
    alter table if exists pump_configuration_history 
       drop constraint if exists FKn39a21uurut3rd8re4danurl3
Hibernate: 
    alter table if exists pump_configuration_history 
       drop constraint if exists FKmht3d0xuhvb8l5xg94lmbcr6x
Hibernate: 
    alter table if exists pump_readings 
       drop constraint if exists FKti0y9o4qqdyd9wjf3gj461slg
Hibernate: 
    alter table if exists pump_readings 
       drop constraint if exists FKf8icksaxq376twf9uef5bwokk
Hibernate: 
    alter table if exists pump_readings 
       drop constraint if exists FKeybaxmgknsm57nyko23g203k6
Hibernate: 
    alter table if exists pumps 
       drop constraint if exists FKokydxb9vhinldcqa5ujnmsd0g
Hibernate: 
    alter table if exists shift_schedules 
       drop constraint if exists FKfqxbgbvexsuupj6y4wcu1v4br
Hibernate: 
    alter table if exists shift_sessions 
       drop constraint if exists FKecnnltp224fjrusj1d2eh0ce6
Hibernate: 
    alter table if exists shift_sessions 
       drop constraint if exists FKrid3yllsdhfy4o2jsqobygouj
Hibernate: 
    alter table if exists shift_sessions 
       drop constraint if exists FKgidx3xvdt9tyj3eyqfphlijg2
Hibernate: 
    alter table if exists shift_sessions 
       drop constraint if exists FKhitytg0tq6qe7ev9wuoylyn5
Hibernate: 
    alter table if exists station_administrators 
       drop constraint if exists FKjklw1x08xyb9pdambti6lm38k
Hibernate: 
    alter table if exists station_administrators 
       drop constraint if exists FKj11r1qas26y861914o9orhv47
Hibernate: 
    alter table if exists user_roles 
       drop constraint if exists FKh8ciramu9cc9q3qcqiv4ue8a6
Hibernate: 
    alter table if exists user_roles 
       drop constraint if exists FKhfh9dx7w3ubf1co1vdev94g3f
Hibernate: 
    alter table if exists worker_assignments 
       drop constraint if exists FKcukb60ciufiy5g48xvvg0wsyu
Hibernate: 
    alter table if exists worker_assignments 
       drop constraint if exists FKq03au0v3kc01nrhidma2g3hvg
Hibernate: 
    alter table if exists worker_assignments 
       drop constraint if exists FK38yw4vfewb68l1wdmwhdpbtp
Hibernate: 
    alter table if exists worker_assignments 
       drop constraint if exists FKh032q7bhack42xdq918pgnvm1
Hibernate: 
    drop table if exists arqueos cascade
Hibernate: 
    drop table if exists fuel_price_history cascade
Hibernate: 
    drop table if exists islands cascade
Hibernate: 
    drop table if exists movements cascade
Hibernate: 
    drop table if exists nozzle_readings cascade
Hibernate: 
    drop table if exists nozzles cascade
Hibernate: 
    drop table if exists password_reset_tokens cascade
Hibernate: 
    drop table if exists pump_configuration_history cascade
Hibernate: 
    drop table if exists pump_readings cascade
Hibernate: 
    drop table if exists pumps cascade
Hibernate: 
    drop table if exists roles cascade
Hibernate: 
    drop table if exists shift_schedules cascade
Hibernate: 
    drop table if exists shift_sessions cascade
Hibernate: 
    drop table if exists station_administrators cascade
Hibernate: 
    drop table if exists stations cascade
Hibernate: 
    drop table if exists user_roles cascade
Hibernate: 
    drop table if exists users cascade
Hibernate: 
    drop table if exists worker_assignments cascade
Hibernate: 
    create table arqueos (
        deposito DECIMAL(10,2) not null,
        difference DECIMAL(10,2) not null,
        efectivo DECIMAL(10,2) not null,
        tarjeta_credito DECIMAL(10,2) not null,
        tarjeta_debito DECIMAL(10,2) not null,
        total_cash DECIMAL(10,2) not null,
        total_sales DECIMAL(10,2) not null,
        vale_interno DECIMAL(10,2) not null,
        arqueo_timestamp timestamp(6) not null,
        created_at timestamp(6),
        id bigint generated by default as identity,
        session_id bigint not null unique,
        updated_at timestamp(6),
        status varchar(20) not null check (status in ('OPEN','BALANCED','UNBALANCED','APPROVED')),
        sync_status varchar(20) check (sync_status in ('PENDING','SYNCED','ERROR')),
        arqueo_id varchar(100) unique,
        notes TEXT,
        primary key (id)
    )
Hibernate: 
    create table fuel_price_history (
        price_per_gallon numeric(10,3) not null,
        changed_by_user_id bigint,
        created_at timestamp(6),
        effective_from timestamp(6) not null,
        effective_until timestamp(6),
        id bigint generated by default as identity,
        station_id bigint not null,
        fuel_type varchar(20) not null check (fuel_type in ('REGULAR','PREMIUM','DIESEL','GLP')),
        notes TEXT,
        primary key (id)
    )
Hibernate: 
    create table islands (
        active boolean not null,
        position integer,
        created_at timestamp(6),
        id bigint generated by default as identity,
        station_id bigint not null,
        updated_at timestamp(6),
        status varchar(20) check (status in ('ACTIVE','OFFLINE','MAINTENANCE')),
        name varchar(50) not null,
        description varchar(500),
        primary key (id),
        unique (station_id, name)
    )
Hibernate: 
    create table movements (
        amount DECIMAL(10,2) not null,
        created_at timestamp(6),
        id bigint generated by default as identity,
        movement_timestamp timestamp(6) not null,
        session_id bigint not null,
        updated_at timestamp(6),
        vehicle_plate varchar(10),
        vehicle_type varchar(10),
        payment_method varchar(20) not null check (payment_method in ('EFECTIVO','TARJETA_CREDITO','TARJETA_DEBITO','VALE_INTERNO','DEPOSITO')),
        sync_status varchar(20) check (sync_status in ('PENDING','SYNCED','ERROR')),
        vehicle_color varchar(30),
        vehicle_brand varchar(50),
        movement_id varchar(100) unique,
        visa_worker_name varchar(100),
        description TEXT not null,
        primary key (id)
    )
Hibernate: 
    create table nozzle_readings (
        completed boolean not null,
        decimals integer,
        difference numeric(12,3),
        final_value numeric(12,3),
        initial_value numeric(12,3),
        was_modified boolean,
        created_at timestamp(6),
        id bigint generated by default as identity,
        modified_at timestamp(6),
        modified_by_user_id bigint,
        nozzle_id bigint not null,
        reading_timestamp timestamp(6),
        session_id bigint not null,
        updated_at timestamp(6),
        reading_type varchar(10) not null check (reading_type in ('SOLES','GALLONS','CLOCK')),
        modification_reason varchar(500),
        primary key (id),
        constraint uk_nozzle_session_type unique (nozzle_id, session_id, reading_type)
    )
Hibernate: 
    create table nozzles (
        active boolean not null,
        clock_decimals integer,
        clock_total_digits integer,
        gallons_decimals integer,
        gallons_total_digits integer,
        has_clock_counter boolean,
        has_gallons_counter boolean,
        has_liters_counter boolean,
        has_soles_counter boolean,
        liters_decimals integer,
        liters_total_digits integer,
        position integer,
        price_per_gallon numeric(10,3),
        soles_decimals integer,
        soles_total_digits integer,
        created_at timestamp(6),
        id bigint generated by default as identity,
        pump_id bigint not null,
        updated_at timestamp(6),
        side varchar(10) not null check (side in ('LEFT','RIGHT')),
        fuel_type varchar(20) not null check (fuel_type in ('REGULAR','PREMIUM','DIESEL','GLP')),
        reading_type varchar(20) check (reading_type in ('SOLES','GALLONS','LITROS','RELOJ')),
        status varchar(20) check (status in ('ACTIVE','OFFLINE')),
        color varchar(50),
        fuel_name varchar(50),
        primary key (id)
    )
Hibernate: 
    create table password_reset_tokens (
        used boolean not null,
        code varchar(6) not null,
        created_at timestamp(6) not null,
        expiry_date timestamp(6) not null,
        id bigint generated by default as identity,
        user_id bigint not null,
        primary key (id)
    )
Hibernate: 
    create table pump_configuration_history (
        affected_shift_session_id bigint,
        change_timestamp timestamp(6) not null,
        changed_by_user_id bigint,
        id bigint generated by default as identity,
        nozzle_id bigint not null,
        change_type varchar(50) not null check (change_type in ('STATUS_CHANGE','PRICE_UPDATE','PRICE_CHANGE','FUEL_TYPE_CHANGE','NOZZLE_ADDED','NOZZLE_REMOVED','ACTIVATION','DEACTIVATION','DECIMALS_CONFIG','OTHER')),
        reason varchar(500),
        notes varchar(1000),
        new_value TEXT,
        previous_value TEXT,
        primary key (id)
    )
Hibernate: 
    create table pump_readings (
        completed boolean not null,
        difference DECIMAL(10,3) not null,
        island_id integer,
        nozzle_index integer,
        pump_id integer,
        base_reading_id bigint,
        created_at timestamp(6),
        id bigint generated by default as identity,
        nozzle_id bigint,
        reading_timestamp timestamp(6) not null,
        session_id bigint not null,
        updated_at timestamp(6),
        reading_type varchar(10) not null check (reading_type in ('SOLES','GALLONS','CLOCK')),
        side varchar(10) check (side in ('LEFT','RIGHT')),
        fuel_type varchar(20) check (fuel_type in ('REGULAR','PREMIUM','DIESEL','GLP')),
        sync_status varchar(20) check (sync_status in ('PENDING','SYNCED','ERROR')),
        entry_digits varchar(50) not null,
        exit_digits varchar(50) not null,
        fuel_name varchar(50),
        island_name varchar(50),
        pump_name varchar(50),
        primary key (id)
    )
Hibernate: 
    create table pumps (
        active boolean not null,
        installation_date date,
        position integer,
        created_at timestamp(6),
        id bigint generated by default as identity,
        island_id bigint not null,
        updated_at timestamp(6),
        status varchar(20) check (status in ('ACTIVE','OFFLINE','MAINTENANCE')),
        name varchar(50) not null,
        brand varchar(100),
        model varchar(100),
        serial_number varchar(100),
        notes varchar(1000),
        primary key (id)
    )
Hibernate: 
    create table roles (
        created_at timestamp(6),
        id bigint generated by default as identity,
        name varchar(50) not null unique,
        description varchar(255),
        primary key (id)
    )
Hibernate: 
    create table shift_schedules (
        active boolean not null,
        end_time time(6) not null,
        is_overnight boolean,
        start_time time(6) not null,
        created_at timestamp(6),
        id bigint generated by default as identity,
        station_id bigint not null,
        updated_at timestamp(6),
        display_label varchar(20),
        name varchar(100) not null,
        primary key (id)
    )
Hibernate: 
    create table shift_sessions (
        station_id integer,
        total_sales DECIMAL(10,2),
        created_at timestamp(6),
        end_time timestamp(6),
        id bigint generated by default as identity,
        last_activity timestamp(6),
        operator_id bigint not null,
        shift_schedule_id bigint,
        start_time timestamp(6) not null,
        station_id_fk bigint,
        updated_at timestamp(6),
        worker_assignment_id bigint,
        shift_time varchar(10),
        status varchar(20) not null check (status in ('ACTIVE','PAUSED','COMPLETED')),
        sync_status varchar(20) check (sync_status in ('PENDING','SYNCED','ERROR')),
        session_id varchar(100) not null unique,
        station_name varchar(100),
        configuration_snapshot TEXT,
        primary key (id)
    )
Hibernate: 
    create table station_administrators (
        station_id bigint not null,
        user_id bigint not null,
        primary key (station_id, user_id)
    )
Hibernate: 
    create table stations (
        active boolean not null,
        created_at timestamp(6),
        id bigint generated by default as identity,
        updated_at timestamp(6),
        phone varchar(20),
        osinergmin_code varchar(50),
        coordinates varchar(100),
        name varchar(100) not null unique,
        address varchar(200),
        primary key (id)
    )
Hibernate: 
    create table user_roles (
        role_id bigint not null,
        user_id bigint not null,
        primary key (role_id, user_id)
    )
Hibernate: 
    create table users (
        is_active boolean,
        created_at timestamp(6),
        id bigint generated by default as identity,
        updated_at timestamp(6),
        phone varchar(20),
        username varchar(50) not null unique,
        email varchar(100) not null unique,
        first_name varchar(100) not null,
        last_name varchar(100) not null,
        password varchar(255) not null,
        primary key (id)
    )
Hibernate: 
    create table worker_assignments (
        is_rest_day boolean,
        week_start_date date not null,
        created_at timestamp(6),
        created_by_user_id bigint,
        id bigint generated by default as identity,
        island_id bigint not null,
        shift_schedule_id bigint not null,
        updated_at timestamp(6),
        worker_id bigint not null,
        day_of_week varchar(10) not null check (day_of_week in ('MONDAY','TUESDAY','WEDNESDAY','THURSDAY','FRIDAY','SATURDAY','SUNDAY')),
        status varchar(20) check (status in ('ACTIVE','CANCELLED','COMPLETED','REPLACED')),
        notes varchar(500),
        primary key (id)
    )
Hibernate: 
    create index idx_fuel_price_station_type_date 
       on fuel_price_history (station_id, fuel_type, effective_from desc)
Hibernate: 
    create index idx_nozzle_session 
       on nozzle_readings (nozzle_id, session_id, reading_type)
Hibernate: 
    create index idx_session_timestamp 
       on nozzle_readings (session_id, reading_timestamp)
Hibernate: 
    create index idx_session_pump 
       on pump_readings (session_id, pump_id, side, nozzle_index, reading_type)
Hibernate: 
    create index idx_session_nozzle 
       on pump_readings (session_id, nozzle_id, reading_type)
Hibernate: 
    create index idx_worker_week 
       on worker_assignments (worker_id, week_start_date)
Hibernate: 
    create index idx_island_schedule 
       on worker_assignments (island_id, shift_schedule_id, day_of_week)
Hibernate: 
    alter table if exists arqueos 
       add constraint FK25or831b49t7aiw8wj10oihej 
       foreign key (session_id) 
       references shift_sessions
Hibernate: 
    alter table if exists fuel_price_history 
       add constraint FKb5x4i4j32602bkrvos75rf761 
       foreign key (changed_by_user_id) 
       references users
Hibernate: 
    alter table if exists fuel_price_history 
       add constraint FK40km062nl32m5kyb0pm0y2x3r 
       foreign key (station_id) 
       references stations
Hibernate: 
    alter table if exists islands 
       add constraint FK9f8i3585quwhvmpsvsmd4oy5x 
       foreign key (station_id) 
       references stations
Hibernate: 
    alter table if exists movements 
       add constraint FKcd5t11dc94mepwk9ba99b4gdm 
       foreign key (session_id) 
       references shift_sessions
Hibernate: 
    alter table if exists nozzle_readings 
       add constraint FK5yjqnj1uwy3tvvfg2pc1b6nwj 
       foreign key (modified_by_user_id) 
       references users
Hibernate: 
    alter table if exists nozzle_readings 
       add constraint FKr4w2q6a7b7lrdikpe05k40n4b 
       foreign key (nozzle_id) 
       references nozzles
Hibernate: 
    alter table if exists nozzle_readings 
       add constraint FK7jdxoi5au4tjeb4abi1cswt7g 
       foreign key (session_id) 
       references shift_sessions
Hibernate: 
    alter table if exists nozzles 
       add constraint FK3yyne4cm7uqnk5akjc2j280r9 
       foreign key (pump_id) 
       references pumps
Hibernate: 
    alter table if exists password_reset_tokens 
       add constraint FKk3ndxg5xp6v7wd4gjyusp15gq 
       foreign key (user_id) 
       references users
Hibernate: 
    alter table if exists pump_configuration_history 
       add constraint FKolssoc4js3xxl0vq69yj2sihu 
       foreign key (affected_shift_session_id) 
       references shift_sessions
Hibernate: 
    alter table if exists pump_configuration_history 
       add constraint FKn39a21uurut3rd8re4danurl3 
       foreign key (changed_by_user_id) 
       references users
Hibernate: 
    alter table if exists pump_configuration_history 
       add constraint FKmht3d0xuhvb8l5xg94lmbcr6x 
       foreign key (nozzle_id) 
       references nozzles
Hibernate: 
    alter table if exists pump_readings 
       add constraint FKti0y9o4qqdyd9wjf3gj461slg 
       foreign key (base_reading_id) 
       references pump_readings
Hibernate: 
    alter table if exists pump_readings 
       add constraint FKf8icksaxq376twf9uef5bwokk 
       foreign key (nozzle_id) 
       references nozzles
Hibernate: 
    alter table if exists pump_readings 
       add constraint FKeybaxmgknsm57nyko23g203k6 
       foreign key (session_id) 
       references shift_sessions
Hibernate: 
    alter table if exists pumps 
       add constraint FKokydxb9vhinldcqa5ujnmsd0g 
       foreign key (island_id) 
       references islands
Hibernate: 
    alter table if exists shift_schedules 
       add constraint FKfqxbgbvexsuupj6y4wcu1v4br 
       foreign key (station_id) 
       references stations
Hibernate: 
    alter table if exists shift_sessions 
       add constraint FKecnnltp224fjrusj1d2eh0ce6 
       foreign key (worker_assignment_id) 
       references worker_assignments
Hibernate: 
    alter table if exists shift_sessions 
       add constraint FKrid3yllsdhfy4o2jsqobygouj 
       foreign key (operator_id) 
       references users
Hibernate: 
    alter table if exists shift_sessions 
       add constraint FKgidx3xvdt9tyj3eyqfphlijg2 
       foreign key (shift_schedule_id) 
       references shift_schedules
Hibernate: 
    alter table if exists shift_sessions 
       add constraint FKhitytg0tq6qe7ev9wuoylyn5 
       foreign key (station_id_fk) 
       references stations
Hibernate: 
    alter table if exists station_administrators 
       add constraint FKjklw1x08xyb9pdambti6lm38k 
       foreign key (user_id) 
       references users
Hibernate: 
    alter table if exists station_administrators 
       add constraint FKj11r1qas26y861914o9orhv47 
       foreign key (station_id) 
       references stations
Hibernate: 
    alter table if exists user_roles 
       add constraint FKh8ciramu9cc9q3qcqiv4ue8a6 
       foreign key (role_id) 
       references roles
Hibernate: 
    alter table if exists user_roles 
       add constraint FKhfh9dx7w3ubf1co1vdev94g3f 
       foreign key (user_id) 
       references users
Hibernate: 
    alter table if exists worker_assignments 
       add constraint FKcukb60ciufiy5g48xvvg0wsyu 
       foreign key (created_by_user_id) 
       references users
Hibernate: 
    alter table if exists worker_assignments 
       add constraint FKq03au0v3kc01nrhidma2g3hvg 
       foreign key (island_id) 
       references islands
Hibernate: 
    alter table if exists worker_assignments 
       add constraint FK38yw4vfewb68l1wdmwhdpbtp 
       foreign key (shift_schedule_id) 
       references shift_schedules
Hibernate: 
    alter table if exists worker_assignments 
       add constraint FKh032q7bhack42xdq918pgnvm1 
       foreign key (worker_id) 
       references users
2025-12-05T14:46:26.703-05:00  INFO 25760 --- [grcontrol_backend] [  restartedMain] j.LocalContainerEntityManagerFactoryBean : Initialized JPA EntityManagerFactory for persistence unit 'default'
2025-12-05T14:46:26.959-05:00  INFO 25760 --- [grcontrol_backend] [  restartedMain] o.s.d.j.r.query.QueryEnhancerFactory     : Hibernate is in classpath; If applicable, HQL parser will be used.
2025-12-05T14:46:27.465-05:00 DEBUG 25760 --- [grcontrol_backend] [  restartedMain] o.springframework.web.filter.CorsFilter  : Filter 'corsFilter' configured for use
2025-12-05T14:46:28.739-05:00  INFO 25760 --- [grcontrol_backend] [  restartedMain] eAuthenticationProviderManagerConfigurer : Global AuthenticationManager configured with AuthenticationProvider bean with name authenticationProvider
2025-12-05T14:46:28.740-05:00  WARN 25760 --- [grcontrol_backend] [  restartedMain] r$InitializeUserDetailsManagerConfigurer : Global AuthenticationManager configured with an AuthenticationProvider bean. UserDetailsService beans will not be used by Spring Security for automatically configuring username/password login. Consider removing the AuthenticationProvider bean. Alternatively, consider using the UserDetailsService in a manually instantiated DaoAuthenticationProvider. If the current configuration is intentional, to turn off this warning, increase the logging level of 'org.springframework.security.config.annotation.authentication.configuration.InitializeUserDetailsBeanManagerConfigurer' to ERROR
2025-12-05T14:46:29.169-05:00  WARN 25760 --- [grcontrol_backend] [  restartedMain] JpaBaseConfiguration$JpaWebConfiguration : spring.jpa.open-in-view is enabled by default. Therefore, database queries may be performed during view rendering. Explicitly configure spring.jpa.open-in-view to disable this warning
2025-12-05T14:46:29.331-05:00 DEBUG 25760 --- [grcontrol_backend] [  restartedMain] s.w.s.m.m.a.RequestMappingHandlerMapping : 176 mappings in 'requestMappingHandlerMapping'
2025-12-05T14:46:29.392-05:00 DEBUG 25760 --- [grcontrol_backend] [  restartedMain] o.s.w.s.handler.SimpleUrlHandlerMapping  : Patterns [/webjars/**, /**] in 'resourceHandlerMapping'
2025-12-05T14:46:29.495-05:00 DEBUG 25760 --- [grcontrol_backend] [  restartedMain] o.s.s.web.DefaultSecurityFilterChain     : Will secure any request with filters: DisableEncodeUrlFilter, WebAsyncManagerIntegrationFilter, SecurityContextHolderFilter, HeaderWriterFilter, CorsFilter, LogoutFilter, CorsFilter, JwtAuthenticationFilter, RequestCacheAwareFilter, SecurityContextHolderAwareRequestFilter, AnonymousAuthenticationFilter, SessionManagementFilter, ExceptionTranslationFilter, AuthorizationFilter
2025-12-05T14:46:29.588-05:00 DEBUG 25760 --- [grcontrol_backend] [  restartedMain] s.w.s.m.m.a.RequestMappingHandlerAdapter : ControllerAdvice beans: 0 @ModelAttribute, 0 @InitBinder, 1 RequestBodyAdvice, 1 ResponseBodyAdvice
2025-12-05T14:46:29.641-05:00 DEBUG 25760 --- [grcontrol_backend] [  restartedMain] .m.m.a.ExceptionHandlerExceptionResolver : ControllerAdvice beans: 1 @ExceptionHandler, 1 ResponseBodyAdvice
2025-12-05T14:46:29.756-05:00  INFO 25760 --- [grcontrol_backend] [  restartedMain] o.s.b.d.a.OptionalLiveReloadServer       : LiveReload server is running on port 35729
2025-12-05T14:46:29.791-05:00  INFO 25760 --- [grcontrol_backend] [  restartedMain] o.s.b.w.embedded.tomcat.TomcatWebServer  : Tomcat started on port 8080 (http) with context path '/'
2025-12-05T14:46:29.798-05:00  INFO 25760 --- [grcontrol_backend] [  restartedMain] c.grcontrol.GrcontrolBackendApplication  : Started GrcontrolBackendApplication in 7.453 seconds (process running for 7.862)
2025-12-05T14:46:29.802-05:00  INFO 25760 --- [grcontrol_backend] [  restartedMain] c.g.grcontrol_backend.config.DataLoader  : Iniciando carga de datos iniciales...
Hibernate: 
    select
        r1_0.id,
        r1_0.created_at,
        r1_0.description,
        r1_0.name 
    from
        roles r1_0 
    where
        r1_0.name=?
Hibernate: 
    insert 
    into
        roles
        (created_at, description, name) 
    values
        (?, ?, ?)
2025-12-05T14:46:29.970-05:00  INFO 25760 --- [grcontrol_backend] [  restartedMain] c.g.grcontrol_backend.config.DataLoader  : Rol creado: ROLE_ADMINISTRADOR
Hibernate: 
    select
        r1_0.id,
        r1_0.created_at,
        r1_0.description,
        r1_0.name 
    from
        roles r1_0 
    where
        r1_0.name=?
Hibernate: 
    insert 
    into
        roles
        (created_at, description, name) 
    values
        (?, ?, ?)
2025-12-05T14:46:29.979-05:00  INFO 25760 --- [grcontrol_backend] [  restartedMain] c.g.grcontrol_backend.config.DataLoader  : Rol creado: ROLE_GRIFERO
Hibernate: 
    select
        r1_0.id,
        r1_0.created_at,
        r1_0.description,
        r1_0.name 
    from
        roles r1_0 
    where
        r1_0.name=?
Hibernate: 
    insert 
    into
        roles
        (created_at, description, name) 
    values
        (?, ?, ?)
2025-12-05T14:46:29.986-05:00  INFO 25760 --- [grcontrol_backend] [  restartedMain] c.g.grcontrol_backend.config.DataLoader  : Rol creado: ROLE_FACTURADOR
Hibernate: 
    select
        r1_0.id,
        r1_0.created_at,
        r1_0.description,
        r1_0.name 
    from
        roles r1_0 
    where
        r1_0.name=?
Hibernate: 
    insert 
    into
        roles
        (created_at, description, name) 
    values
        (?, ?, ?)
2025-12-05T14:46:29.993-05:00  INFO 25760 --- [grcontrol_backend] [  restartedMain] c.g.grcontrol_backend.config.DataLoader  : Rol creado: ROLE_GERENTE
Hibernate: 
    select
        u1_0.id,
        u1_0.created_at,
        u1_0.email,
        u1_0.first_name,
        u1_0.is_active,
        u1_0.last_name,
        u1_0.password,
        u1_0.phone,
        u1_0.updated_at,
        u1_0.username 
    from
        users u1_0 
    where
        u1_0.username=?
Hibernate: 
    select
        r1_0.id,
        r1_0.created_at,
        r1_0.description,
        r1_0.name 
    from
        roles r1_0 
    where
        r1_0.name=?
Hibernate: 
    insert 
    into
        users
        (created_at, email, first_name, is_active, last_name, password, phone, updated_at, username) 
    values
        (?, ?, ?, ?, ?, ?, ?, ?, ?)
Hibernate: 
    insert 
    into
        user_roles
        (user_id, role_id) 
    values
        (?, ?)
2025-12-05T14:46:30.106-05:00  INFO 25760 --- [grcontrol_backend] [  restartedMain] c.g.grcontrol_backend.config.DataLoader  : Usuario ROLE_ADMINISTRADOR creado - Username: admin, Password: admin123
Hibernate: 
    select
        u1_0.id,
        u1_0.created_at,
        u1_0.email,
        u1_0.first_name,
        u1_0.is_active,
        u1_0.last_name,
        u1_0.password,
        u1_0.phone,
        u1_0.updated_at,
        u1_0.username 
    from
        users u1_0 
    where
        u1_0.username=?
Hibernate: 
    select
        r1_0.id,
        r1_0.created_at,
        r1_0.description,
        r1_0.name 
    from
        roles r1_0 
    where
        r1_0.name=?
Hibernate: 
    insert 
    into
        users
        (created_at, email, first_name, is_active, last_name, password, phone, updated_at, username) 
    values
        (?, ?, ?, ?, ?, ?, ?, ?, ?)
Hibernate: 
    insert 
    into
        user_roles
        (user_id, role_id) 
    values
        (?, ?)
2025-12-05T14:46:30.196-05:00  INFO 25760 --- [grcontrol_backend] [  restartedMain] c.g.grcontrol_backend.config.DataLoader  : Usuario ROLE_GRIFERO creado - Username: grifero, Password: grifero123
Hibernate: 
    select
        u1_0.id,
        u1_0.created_at,
        u1_0.email,
        u1_0.first_name,
        u1_0.is_active,
        u1_0.last_name,
        u1_0.password,
        u1_0.phone,
        u1_0.updated_at,
        u1_0.username 
    from
        users u1_0 
    where
        u1_0.username=?
Hibernate: 
    select
        r1_0.id,
        r1_0.created_at,
        r1_0.description,
        r1_0.name 
    from
        roles r1_0 
    where
        r1_0.name=?
Hibernate: 
    insert 
    into
        users
        (created_at, email, first_name, is_active, last_name, password, phone, updated_at, username) 
    values
        (?, ?, ?, ?, ?, ?, ?, ?, ?)
Hibernate: 
    insert 
    into
        user_roles
        (user_id, role_id) 
    values
        (?, ?)
2025-12-05T14:46:30.287-05:00  INFO 25760 --- [grcontrol_backend] [  restartedMain] c.g.grcontrol_backend.config.DataLoader  : Usuario ROLE_FACTURADOR creado - Username: facturador, Password: facturador123
Hibernate: 
    select
        u1_0.id,
        u1_0.created_at,
        u1_0.email,
        u1_0.first_name,
        u1_0.is_active,
        u1_0.last_name,
        u1_0.password,
        u1_0.phone,
        u1_0.updated_at,
        u1_0.username 
    from
        users u1_0 
    where
        u1_0.username=?
Hibernate: 
    select
        r1_0.id,
        r1_0.created_at,
        r1_0.description,
        r1_0.name 
    from
        roles r1_0 
    where
        r1_0.name=?
Hibernate: 
    insert 
    into
        users
        (created_at, email, first_name, is_active, last_name, password, phone, updated_at, username) 
    values
        (?, ?, ?, ?, ?, ?, ?, ?, ?)
Hibernate: 
    insert 
    into
        user_roles
        (user_id, role_id) 
    values
        (?, ?)
2025-12-05T14:46:30.403-05:00  INFO 25760 --- [grcontrol_backend] [  restartedMain] c.g.grcontrol_backend.config.DataLoader  : Usuario ROLE_GERENTE creado - Username: gerente, Password: gerente123
Hibernate: 
    select
        u1_0.id,
        u1_0.created_at,
        u1_0.email,
        u1_0.first_name,
        u1_0.is_active,
        u1_0.last_name,
        u1_0.password,
        u1_0.phone,
        u1_0.updated_at,
        u1_0.username 
    from
        users u1_0 
    where
        u1_0.username=?
Hibernate: 
    select
        r1_0.id,
        r1_0.created_at,
        r1_0.description,
        r1_0.name 
    from
        roles r1_0 
    where
        r1_0.name=?
Hibernate: 
    insert 
    into
        users
        (created_at, email, first_name, is_active, last_name, password, phone, updated_at, username) 
    values
        (?, ?, ?, ?, ?, ?, ?, ?, ?)
Hibernate: 
    insert 
    into
        user_roles
        (user_id, role_id) 
    values
        (?, ?)
2025-12-05T14:46:30.494-05:00  INFO 25760 --- [grcontrol_backend] [  restartedMain] c.g.grcontrol_backend.config.DataLoader  : Usuario ROLE_GRIFERO creado - Username: obaldeon, Password: obaldeon123
Hibernate: 
    select
        s1_0.id,
        s1_0.active,
        s1_0.address,
        s1_0.coordinates,
        s1_0.created_at,
        s1_0.name,
        s1_0.osinergmin_code,
        s1_0.phone,
        s1_0.updated_at 
    from
        stations s1_0 
    where
        s1_0.id=?
2025-12-05T14:46:30.506-05:00  INFO 25760 --- [grcontrol_backend] [  restartedMain] c.g.grcontrol_backend.config.DataLoader  : Creando estación de servicio Acobamba...
Hibernate: 
    insert 
    into
        stations
        (active, address, coordinates, created_at, name, osinergmin_code, phone, updated_at) 
    values
        (?, ?, ?, ?, ?, ?, ?, ?)
2025-12-05T14:46:30.516-05:00  INFO 25760 --- [grcontrol_backend] [  restartedMain] c.g.grcontrol_backend.config.DataLoader  : Estación Acobamba creada exitosamente - ID: 1
Hibernate: 
    select
        s1_0.id,
        s1_0.active,
        s1_0.address,
        s1_0.coordinates,
        s1_0.created_at,
        s1_0.name,
        s1_0.osinergmin_code,
        s1_0.phone,
        s1_0.updated_at 
    from
        stations s1_0 
    where
        s1_0.id=?
Hibernate: 
    select
        fph1_0.id,
        fph1_0.changed_by_user_id,
        fph1_0.created_at,
        fph1_0.effective_from,
        fph1_0.effective_until,
        fph1_0.fuel_type,
        fph1_0.notes,
        fph1_0.price_per_gallon,
        fph1_0.station_id 
    from
        fuel_price_history fph1_0 
    where
        fph1_0.station_id=? 
        and fph1_0.effective_until is null
2025-12-05T14:46:30.532-05:00  INFO 25760 --- [grcontrol_backend] [  restartedMain] c.g.grcontrol_backend.config.DataLoader  : Creando precios iniciales de combustibles para Acobamba...
Hibernate: 
    select
        u1_0.id,
        u1_0.created_at,
        u1_0.email,
        u1_0.first_name,
        u1_0.is_active,
        u1_0.last_name,
        u1_0.password,
        u1_0.phone,
        u1_0.updated_at,
        u1_0.username 
    from
        users u1_0 
    where
        u1_0.username=?
Hibernate: 
    select
        r1_0.user_id,
        r1_1.id,
        r1_1.created_at,
        r1_1.description,
        r1_1.name 
    from
        user_roles r1_0 
    join
        roles r1_1 
            on r1_1.id=r1_0.role_id 
    where
        r1_0.user_id=?
Hibernate: 
    insert 
    into
        fuel_price_history
        (changed_by_user_id, created_at, effective_from, effective_until, fuel_type, notes, price_per_gallon, station_id) 
    values
        (?, ?, ?, ?, ?, ?, ?, ?)
2025-12-05T14:46:30.548-05:00  INFO 25760 --- [grcontrol_backend] [  restartedMain] c.g.grcontrol_backend.config.DataLoader  : Precio creado: REGULAR - S/. 15.50 por galón
Hibernate: 
    select
        u1_0.id,
        u1_0.created_at,
        u1_0.email,
        u1_0.first_name,
        u1_0.is_active,
        u1_0.last_name,
        u1_0.password,
        u1_0.phone,
        u1_0.updated_at,
        u1_0.username 
    from
        users u1_0 
    where
        u1_0.username=?
Hibernate: 
    select
        r1_0.user_id,
        r1_1.id,
        r1_1.created_at,
        r1_1.description,
        r1_1.name 
    from
        user_roles r1_0 
    join
        roles r1_1 
            on r1_1.id=r1_0.role_id 
    where
        r1_0.user_id=?
Hibernate: 
    insert 
    into
        fuel_price_history
        (changed_by_user_id, created_at, effective_from, effective_until, fuel_type, notes, price_per_gallon, station_id) 
    values
        (?, ?, ?, ?, ?, ?, ?, ?)
2025-12-05T14:46:30.559-05:00  INFO 25760 --- [grcontrol_backend] [  restartedMain] c.g.grcontrol_backend.config.DataLoader  : Precio creado: PREMIUM - S/. 17.80 por galón
Hibernate: 
    select
        u1_0.id,
        u1_0.created_at,
        u1_0.email,
        u1_0.first_name,
        u1_0.is_active,
        u1_0.last_name,
        u1_0.password,
        u1_0.phone,
        u1_0.updated_at,
        u1_0.username 
    from
        users u1_0 
    where
        u1_0.username=?
Hibernate: 
    select
        r1_0.user_id,
        r1_1.id,
        r1_1.created_at,
        r1_1.description,
        r1_1.name 
    from
        user_roles r1_0 
    join
        roles r1_1 
            on r1_1.id=r1_0.role_id 
    where
        r1_0.user_id=?
Hibernate: 
    insert 
    into
        fuel_price_history
        (changed_by_user_id, created_at, effective_from, effective_until, fuel_type, notes, price_per_gallon, station_id) 
    values
        (?, ?, ?, ?, ?, ?, ?, ?)
2025-12-05T14:46:30.572-05:00  INFO 25760 --- [grcontrol_backend] [  restartedMain] c.g.grcontrol_backend.config.DataLoader  : Precio creado: DIESEL - S/. 16.20 por galón
Hibernate: 
    select
        u1_0.id,
        u1_0.created_at,
        u1_0.email,
        u1_0.first_name,
        u1_0.is_active,
        u1_0.last_name,
        u1_0.password,
        u1_0.phone,
        u1_0.updated_at,
        u1_0.username 
    from
        users u1_0 
    where
        u1_0.username=?
Hibernate: 
    select
        r1_0.user_id,
        r1_1.id,
        r1_1.created_at,
        r1_1.description,
        r1_1.name 
    from
        user_roles r1_0 
    join
        roles r1_1 
            on r1_1.id=r1_0.role_id 
    where
        r1_0.user_id=?
Hibernate: 
    insert 
    into
        fuel_price_history
        (changed_by_user_id, created_at, effective_from, effective_until, fuel_type, notes, price_per_gallon, station_id) 
    values
        (?, ?, ?, ?, ?, ?, ?, ?)
2025-12-05T14:46:30.583-05:00  INFO 25760 --- [grcontrol_backend] [  restartedMain] c.g.grcontrol_backend.config.DataLoader  : Precio creado: GLP - S/. 8.50 por galón
2025-12-05T14:46:30.583-05:00  INFO 25760 --- [grcontrol_backend] [  restartedMain] c.g.grcontrol_backend.config.DataLoader  : Precios iniciales de combustibles creados exitosamente
Hibernate: 
    select
        s1_0.id,
        s1_0.active,
        s1_0.address,
        s1_0.coordinates,
        s1_0.created_at,
        s1_0.name,
        s1_0.osinergmin_code,
        s1_0.phone,
        s1_0.updated_at 
    from
        stations s1_0 
    where
        s1_0.id=?
Hibernate: 
    select
        i1_0.id,
        i1_0.active,
        i1_0.created_at,
        i1_0.description,
        i1_0.name,
        i1_0.position,
        i1_0.station_id,
        i1_0.status,
        i1_0.updated_at 
    from
        islands i1_0 
    left join
        stations s1_0 
            on s1_0.id=i1_0.station_id 
    where
        s1_0.id=?
2025-12-05T14:46:30.597-05:00  INFO 25760 --- [grcontrol_backend] [  restartedMain] c.g.grcontrol_backend.config.DataLoader  : Creando infraestructura de ejemplo para Acobamba...
Hibernate: 
    insert 
    into
        islands
        (active, created_at, description, name, position, station_id, status, updated_at) 
    values
        (?, ?, ?, ?, ?, ?, ?, ?)
2025-12-05T14:46:30.603-05:00  INFO 25760 --- [grcontrol_backend] [  restartedMain] c.g.grcontrol_backend.config.DataLoader  : Isla creada: Isla 1
Hibernate: 
    insert 
    into
        pumps
        (active, brand, created_at, installation_date, island_id, model, name, notes, position, serial_number, status, updated_at) 
    values
        (?, ?, ?, ?, ?, ?, ?, ?, ?, ?, ?, ?)
2025-12-05T14:46:30.610-05:00  INFO 25760 --- [grcontrol_backend] [  restartedMain] c.g.grcontrol_backend.config.DataLoader  : Surtidor creado: Surtidor 1
Hibernate: 
    insert 
    into
        nozzles
        (active, clock_decimals, clock_total_digits, color, created_at, fuel_name, fuel_type, gallons_decimals, gallons_total_digits, has_clock_counter, has_gallons_counter, has_liters_counter, has_soles_counter, liters_decimals, liters_total_digits, position, price_per_gallon, pump_id, reading_type, side, soles_decimals, soles_total_digits, status, updated_at) 
    values
        (?, ?, ?, ?, ?, ?, ?, ?, ?, ?, ?, ?, ?, ?, ?, ?, ?, ?, ?, ?, ?, ?, ?, ?)
2025-12-05T14:46:30.619-05:00  INFO 25760 --- [grcontrol_backend] [  restartedMain] c.g.grcontrol_backend.config.DataLoader  : Manguera creada: Manguera 1 - REGULAR - Lado LEFT - Color: Rojo
Hibernate: 
    insert 
    into
        nozzles
        (active, clock_decimals, clock_total_digits, color, created_at, fuel_name, fuel_type, gallons_decimals, gallons_total_digits, has_clock_counter, has_gallons_counter, has_liters_counter, has_soles_counter, liters_decimals, liters_total_digits, position, price_per_gallon, pump_id, reading_type, side, soles_decimals, soles_total_digits, status, updated_at) 
    values
        (?, ?, ?, ?, ?, ?, ?, ?, ?, ?, ?, ?, ?, ?, ?, ?, ?, ?, ?, ?, ?, ?, ?, ?)
2025-12-05T14:46:30.625-05:00  INFO 25760 --- [grcontrol_backend] [  restartedMain] c.g.grcontrol_backend.config.DataLoader  : Manguera creada: Manguera 2 - PREMIUM - Lado LEFT - Color: Verde
Hibernate: 
    insert 
    into
        nozzles
        (active, clock_decimals, clock_total_digits, color, created_at, fuel_name, fuel_type, gallons_decimals, gallons_total_digits, has_clock_counter, has_gallons_counter, has_liters_counter, has_soles_counter, liters_decimals, liters_total_digits, position, price_per_gallon, pump_id, reading_type, side, soles_decimals, soles_total_digits, status, updated_at) 
    values
        (?, ?, ?, ?, ?, ?, ?, ?, ?, ?, ?, ?, ?, ?, ?, ?, ?, ?, ?, ?, ?, ?, ?, ?)
2025-12-05T14:46:30.632-05:00  INFO 25760 --- [grcontrol_backend] [  restartedMain] c.g.grcontrol_backend.config.DataLoader  : Manguera creada: Manguera 3 - DIESEL - Lado LEFT - Color: Negro
Hibernate: 
    insert 
    into
        nozzles
        (active, clock_decimals, clock_total_digits, color, created_at, fuel_name, fuel_type, gallons_decimals, gallons_total_digits, has_clock_counter, has_gallons_counter, has_liters_counter, has_soles_counter, liters_decimals, liters_total_digits, position, price_per_gallon, pump_id, reading_type, side, soles_decimals, soles_total_digits, status, updated_at) 
    values
        (?, ?, ?, ?, ?, ?, ?, ?, ?, ?, ?, ?, ?, ?, ?, ?, ?, ?, ?, ?, ?, ?, ?, ?)
2025-12-05T14:46:30.637-05:00  INFO 25760 --- [grcontrol_backend] [  restartedMain] c.g.grcontrol_backend.config.DataLoader  : Manguera creada: Manguera 4 - REGULAR - Lado RIGHT - Color: Rojo
Hibernate: 
    insert 
    into
        nozzles
        (active, clock_decimals, clock_total_digits, color, created_at, fuel_name, fuel_type, gallons_decimals, gallons_total_digits, has_clock_counter, has_gallons_counter, has_liters_counter, has_soles_counter, liters_decimals, liters_total_digits, position, price_per_gallon, pump_id, reading_type, side, soles_decimals, soles_total_digits, status, updated_at) 
    values
        (?, ?, ?, ?, ?, ?, ?, ?, ?, ?, ?, ?, ?, ?, ?, ?, ?, ?, ?, ?, ?, ?, ?, ?)
2025-12-05T14:46:30.643-05:00  INFO 25760 --- [grcontrol_backend] [  restartedMain] c.g.grcontrol_backend.config.DataLoader  : Manguera creada: Manguera 5 - PREMIUM - Lado RIGHT - Color: Verde
Hibernate: 
    insert 
    into
        nozzles
        (active, clock_decimals, clock_total_digits, color, created_at, fuel_name, fuel_type, gallons_decimals, gallons_total_digits, has_clock_counter, has_gallons_counter, has_liters_counter, has_soles_counter, liters_decimals, liters_total_digits, position, price_per_gallon, pump_id, reading_type, side, soles_decimals, soles_total_digits, status, updated_at) 
    values
        (?, ?, ?, ?, ?, ?, ?, ?, ?, ?, ?, ?, ?, ?, ?, ?, ?, ?, ?, ?, ?, ?, ?, ?)
2025-12-05T14:46:30.650-05:00  INFO 25760 --- [grcontrol_backend] [  restartedMain] c.g.grcontrol_backend.config.DataLoader  : Manguera creada: Manguera 6 - DIESEL - Lado RIGHT - Color: Negro
Hibernate: 
    insert 
    into
        islands
        (active, created_at, description, name, position, station_id, status, updated_at) 
    values
        (?, ?, ?, ?, ?, ?, ?, ?)
2025-12-05T14:46:30.655-05:00  INFO 25760 --- [grcontrol_backend] [  restartedMain] c.g.grcontrol_backend.config.DataLoader  : Isla creada: Isla 2
Hibernate: 
    insert 
    into
        pumps
        (active, brand, created_at, installation_date, island_id, model, name, notes, position, serial_number, status, updated_at) 
    values
        (?, ?, ?, ?, ?, ?, ?, ?, ?, ?, ?, ?)
2025-12-05T14:46:30.661-05:00  INFO 25760 --- [grcontrol_backend] [  restartedMain] c.g.grcontrol_backend.config.DataLoader  : Surtidor creado: Surtidor 2
Hibernate: 
    insert 
    into
        nozzles
        (active, clock_decimals, clock_total_digits, color, created_at, fuel_name, fuel_type, gallons_decimals, gallons_total_digits, has_clock_counter, has_gallons_counter, has_liters_counter, has_soles_counter, liters_decimals, liters_total_digits, position, price_per_gallon, pump_id, reading_type, side, soles_decimals, soles_total_digits, status, updated_at) 
    values
        (?, ?, ?, ?, ?, ?, ?, ?, ?, ?, ?, ?, ?, ?, ?, ?, ?, ?, ?, ?, ?, ?, ?, ?)
2025-12-05T14:46:30.667-05:00  INFO 25760 --- [grcontrol_backend] [  restartedMain] c.g.grcontrol_backend.config.DataLoader  : Manguera creada: Manguera 1 - REGULAR - Lado LEFT - Color: Rojo
Hibernate: 
    insert 
    into
        nozzles
        (active, clock_decimals, clock_total_digits, color, created_at, fuel_name, fuel_type, gallons_decimals, gallons_total_digits, has_clock_counter, has_gallons_counter, has_liters_counter, has_soles_counter, liters_decimals, liters_total_digits, position, price_per_gallon, pump_id, reading_type, side, soles_decimals, soles_total_digits, status, updated_at) 
    values
        (?, ?, ?, ?, ?, ?, ?, ?, ?, ?, ?, ?, ?, ?, ?, ?, ?, ?, ?, ?, ?, ?, ?, ?)
2025-12-05T14:46:30.673-05:00  INFO 25760 --- [grcontrol_backend] [  restartedMain] c.g.grcontrol_backend.config.DataLoader  : Manguera creada: Manguera 2 - PREMIUM - Lado LEFT - Color: Verde
Hibernate: 
    insert 
    into
        nozzles
        (active, clock_decimals, clock_total_digits, color, created_at, fuel_name, fuel_type, gallons_decimals, gallons_total_digits, has_clock_counter, has_gallons_counter, has_liters_counter, has_soles_counter, liters_decimals, liters_total_digits, position, price_per_gallon, pump_id, reading_type, side, soles_decimals, soles_total_digits, status, updated_at) 
    values
        (?, ?, ?, ?, ?, ?, ?, ?, ?, ?, ?, ?, ?, ?, ?, ?, ?, ?, ?, ?, ?, ?, ?, ?)
2025-12-05T14:46:30.679-05:00  INFO 25760 --- [grcontrol_backend] [  restartedMain] c.g.grcontrol_backend.config.DataLoader  : Manguera creada: Manguera 3 - DIESEL - Lado LEFT - Color: Negro
Hibernate: 
    insert 
    into
        nozzles
        (active, clock_decimals, clock_total_digits, color, created_at, fuel_name, fuel_type, gallons_decimals, gallons_total_digits, has_clock_counter, has_gallons_counter, has_liters_counter, has_soles_counter, liters_decimals, liters_total_digits, position, price_per_gallon, pump_id, reading_type, side, soles_decimals, soles_total_digits, status, updated_at) 
    values
        (?, ?, ?, ?, ?, ?, ?, ?, ?, ?, ?, ?, ?, ?, ?, ?, ?, ?, ?, ?, ?, ?, ?, ?)
2025-12-05T14:46:30.686-05:00  INFO 25760 --- [grcontrol_backend] [  restartedMain] c.g.grcontrol_backend.config.DataLoader  : Manguera creada: Manguera 4 - REGULAR - Lado RIGHT - Color: Rojo
Hibernate: 
    insert 
    into
        nozzles
        (active, clock_decimals, clock_total_digits, color, created_at, fuel_name, fuel_type, gallons_decimals, gallons_total_digits, has_clock_counter, has_gallons_counter, has_liters_counter, has_soles_counter, liters_decimals, liters_total_digits, position, price_per_gallon, pump_id, reading_type, side, soles_decimals, soles_total_digits, status, updated_at) 
    values
        (?, ?, ?, ?, ?, ?, ?, ?, ?, ?, ?, ?, ?, ?, ?, ?, ?, ?, ?, ?, ?, ?, ?, ?)
2025-12-05T14:46:30.692-05:00  INFO 25760 --- [grcontrol_backend] [  restartedMain] c.g.grcontrol_backend.config.DataLoader  : Manguera creada: Manguera 5 - PREMIUM - Lado RIGHT - Color: Verde
Hibernate: 
    insert 
    into
        nozzles
        (active, clock_decimals, clock_total_digits, color, created_at, fuel_name, fuel_type, gallons_decimals, gallons_total_digits, has_clock_counter, has_gallons_counter, has_liters_counter, has_soles_counter, liters_decimals, liters_total_digits, position, price_per_gallon, pump_id, reading_type, side, soles_decimals, soles_total_digits, status, updated_at) 
    values
        (?, ?, ?, ?, ?, ?, ?, ?, ?, ?, ?, ?, ?, ?, ?, ?, ?, ?, ?, ?, ?, ?, ?, ?)
2025-12-05T14:46:30.698-05:00  INFO 25760 --- [grcontrol_backend] [  restartedMain] c.g.grcontrol_backend.config.DataLoader  : Manguera creada: Manguera 6 - DIESEL - Lado RIGHT - Color: Negro
2025-12-05T14:46:30.698-05:00  INFO 25760 --- [grcontrol_backend] [  restartedMain] c.g.grcontrol_backend.config.DataLoader  : Infraestructura de ejemplo creada exitosamente
Hibernate: 
    select
        s1_0.id,
        s1_0.active,
        s1_0.address,
        s1_0.coordinates,
        s1_0.created_at,
        s1_0.name,
        s1_0.osinergmin_code,
        s1_0.phone,
        s1_0.updated_at 
    from
        stations s1_0 
    where
        s1_0.id=?
Hibernate: 
    select
        ss1_0.id,
        ss1_0.active,
        ss1_0.created_at,
        ss1_0.display_label,
        ss1_0.end_time,
        ss1_0.is_overnight,
        ss1_0.name,
        ss1_0.start_time,
        ss1_0.station_id,
        ss1_0.updated_at 
    from
        shift_schedules ss1_0 
    left join
        stations s1_0 
            on s1_0.id=ss1_0.station_id 
    where
        s1_0.id=?
2025-12-05T14:46:30.705-05:00  INFO 25760 --- [grcontrol_backend] [  restartedMain] c.g.grcontrol_backend.config.DataLoader  : Creando horarios de ejemplo para Acobamba...
Hibernate: 
    insert 
    into
        shift_schedules
        (active, created_at, display_label, end_time, is_overnight, name, start_time, station_id, updated_at) 
    values
        (?, ?, ?, ?, ?, ?, ?, ?, ?)
2025-12-05T14:46:30.714-05:00  INFO 25760 --- [grcontrol_backend] [  restartedMain] c.g.grcontrol_backend.config.DataLoader  : Horario creado: Turno Día (07:00 - 19:00)
Hibernate: 
    insert 
    into
        shift_schedules
        (active, created_at, display_label, end_time, is_overnight, name, start_time, station_id, updated_at) 
    values
        (?, ?, ?, ?, ?, ?, ?, ?, ?)
2025-12-05T14:46:30.720-05:00  INFO 25760 --- [grcontrol_backend] [  restartedMain] c.g.grcontrol_backend.config.DataLoader  : Horario creado: Turno Noche (19:00 - 07:00)
2025-12-05T14:46:30.720-05:00  INFO 25760 --- [grcontrol_backend] [  restartedMain] c.g.grcontrol_backend.config.DataLoader  : Horarios de ejemplo creados exitosamente
Hibernate: 
    select
        u1_0.id,
        u1_0.created_at,
        u1_0.email,
        u1_0.first_name,
        u1_0.is_active,
        u1_0.last_name,
        u1_0.password,
        u1_0.phone,
        u1_0.updated_at,
        u1_0.username 
    from
        users u1_0 
    where
        u1_0.username=?
2025-12-05T14:46:30.723-05:00  WARN 25760 --- [grcontrol_backend] [  restartedMain] c.g.grcontrol_backend.config.DataLoader  : Usuario operario no encontrado, omitiendo asignación de ejemplo
2025-12-05T14:46:30.723-05:00  INFO 25760 --- [grcontrol_backend] [  restartedMain] c.g.grcontrol_backend.config.DataLoader  : Inicializando lecturas base para todas las mangueras...
Hibernate: 
    select
        count(*) 
    from
        pump_readings pr1_0
Hibernate: 
    select
        s1_0.id,
        s1_0.active,
        s1_0.address,
        s1_0.coordinates,
        s1_0.created_at,
        s1_0.name,
        s1_0.osinergmin_code,
        s1_0.phone,
        s1_0.updated_at 
    from
        stations s1_0 
    where
        s1_0.id=?
Hibernate: 
    select
        n1_0.id,
        n1_0.active,
        n1_0.clock_decimals,
        n1_0.clock_total_digits,
        n1_0.color,
        n1_0.created_at,
        n1_0.fuel_name,
        n1_0.fuel_type,
        n1_0.gallons_decimals,
        n1_0.gallons_total_digits,
        n1_0.has_clock_counter,
        n1_0.has_gallons_counter,
        n1_0.has_liters_counter,
        n1_0.has_soles_counter,
        n1_0.liters_decimals,
        n1_0.liters_total_digits,
        n1_0.position,
        n1_0.price_per_gallon,
        n1_0.pump_id,
        n1_0.reading_type,
        n1_0.side,
        n1_0.soles_decimals,
        n1_0.soles_total_digits,
        n1_0.status,
        n1_0.updated_at 
    from
        nozzles n1_0
2025-12-05T14:46:30.750-05:00  INFO 25760 --- [grcontrol_backend] [  restartedMain] c.g.grcontrol_backend.config.DataLoader  : Encontradas 12 mangueras para inicializar
Hibernate: 
    select
        u1_0.id,
        u1_0.created_at,
        u1_0.email,
        u1_0.first_name,
        u1_0.is_active,
        u1_0.last_name,
        u1_0.password,
        u1_0.phone,
        u1_0.updated_at,
        u1_0.username 
    from
        users u1_0 
    where
        u1_0.username=?
Hibernate: 
    select
        r1_0.user_id,
        r1_1.id,
        r1_1.created_at,
        r1_1.description,
        r1_1.name 
    from
        user_roles r1_0 
    join
        roles r1_1 
            on r1_1.id=r1_0.role_id 
    where
        r1_0.user_id=?
Hibernate: 
    insert 
    into
        shift_sessions
        (worker_assignment_id, configuration_snapshot, created_at, end_time, last_activity, operator_id, session_id, shift_schedule_id, shift_time, start_time, station_id_fk, station_id, station_name, status, sync_status, total_sales, updated_at) 
    values
        (?, ?, ?, ?, ?, ?, ?, ?, ?, ?, ?, ?, ?, ?, ?, ?, ?)
2025-12-05T14:46:30.766-05:00  INFO 25760 --- [grcontrol_backend] [  restartedMain] .s.b.a.l.ConditionEvaluationReportLogger : 

Error starting ApplicationContext. To display the condition evaluation report re-run your application with 'debug' enabled.
2025-12-05T14:46:30.781-05:00 ERROR 25760 --- [grcontrol_backend] [  restartedMain] o.s.boot.SpringApplication               : Application run failed

org.hibernate.LazyInitializationException: Could not initialize proxy [com.grcontrol.grcontrol_backend.entity.Pump#1] - no session
	at org.hibernate.proxy.AbstractLazyInitializer.initialize(AbstractLazyInitializer.java:174) ~[hibernate-core-6.6.33.Final.jar:6.6.33.Final]
	at org.hibernate.proxy.AbstractLazyInitializer.getImplementation(AbstractLazyInitializer.java:328) ~[hibernate-core-6.6.33.Final.jar:6.6.33.Final]
	at org.hibernate.proxy.pojo.bytebuddy.ByteBuddyInterceptor.intercept(ByteBuddyInterceptor.java:44) ~[hibernate-core-6.6.33.Final.jar:6.6.33.Final]
	at org.hibernate.proxy.ProxyConfiguration$InterceptorDispatcher.intercept(ProxyConfiguration.java:102) ~[hibernate-core-6.6.33.Final.jar:6.6.33.Final]
	at com.grcontrol.grcontrol_backend.entity.Pump$HibernateProxy.getName(Unknown Source) ~[classes/:na]
	at com.grcontrol.grcontrol_backend.config.DataLoader.initializeBaseReadings(DataLoader.java:647) ~[classes/:na]
	at com.grcontrol.grcontrol_backend.config.DataLoader.run(DataLoader.java:61) ~[classes/:na]
	at java.base/jdk.internal.reflect.DirectMethodHandleAccessor.invoke(DirectMethodHandleAccessor.java:103) ~[na:na]
	at java.base/java.lang.reflect.Method.invoke(Method.java:580) ~[na:na]
	at org.springframework.aop.support.AopUtils.invokeJoinpointUsingReflection(AopUtils.java:360) ~[spring-aop-6.2.12.jar:6.2.12]
	at org.springframework.aop.framework.CglibAopProxy$DynamicAdvisedInterceptor.intercept(CglibAopProxy.java:724) ~[spring-aop-6.2.12.jar:6.2.12]
	at com.grcontrol.grcontrol_backend.config.DataLoader$$SpringCGLIB$$0.run(<generated>) ~[classes/:na]
	at org.springframework.boot.SpringApplication.lambda$callRunner$5(SpringApplication.java:788) ~[spring-boot-3.5.7.jar:3.5.7]
	at org.springframework.util.function.ThrowingConsumer$1.acceptWithException(ThrowingConsumer.java:82) ~[spring-core-6.2.12.jar:6.2.12]
	at org.springframework.util.function.ThrowingConsumer.accept(ThrowingConsumer.java:60) ~[spring-core-6.2.12.jar:6.2.12]
	at org.springframework.util.function.ThrowingConsumer$1.accept(ThrowingConsumer.java:86) ~[spring-core-6.2.12.jar:6.2.12]
	at org.springframework.boot.SpringApplication.callRunner(SpringApplication.java:796) ~[spring-boot-3.5.7.jar:3.5.7]
	at org.springframework.boot.SpringApplication.callRunner(SpringApplication.java:787) ~[spring-boot-3.5.7.jar:3.5.7]
	at org.springframework.boot.SpringApplication.lambda$callRunners$3(SpringApplication.java:772) ~[spring-boot-3.5.7.jar:3.5.7]
	at java.base/java.util.stream.ForEachOps$ForEachOp$OfRef.accept(ForEachOps.java:184) ~[na:na]
	at java.base/java.util.stream.SortedOps$SizedRefSortingSink.end(SortedOps.java:357) ~[na:na]
	at java.base/java.util.stream.AbstractPipeline.copyInto(AbstractPipeline.java:510) ~[na:na]
	at java.base/java.util.stream.AbstractPipeline.wrapAndCopyInto(AbstractPipeline.java:499) ~[na:na]
	at java.base/java.util.stream.ForEachOps$ForEachOp.evaluateSequential(ForEachOps.java:151) ~[na:na]
	at java.base/java.util.stream.ForEachOps$ForEachOp$OfRef.evaluateSequential(ForEachOps.java:174) ~[na:na]
	at java.base/java.util.stream.AbstractPipeline.evaluate(AbstractPipeline.java:234) ~[na:na]
	at java.base/java.util.stream.ReferencePipeline.forEach(ReferencePipeline.java:596) ~[na:na]
	at org.springframework.boot.SpringApplication.callRunners(SpringApplication.java:772) ~[spring-boot-3.5.7.jar:3.5.7]
	at org.springframework.boot.SpringApplication.run(SpringApplication.java:325) ~[spring-boot-3.5.7.jar:3.5.7]
	at org.springframework.boot.SpringApplication.run(SpringApplication.java:1361) ~[spring-boot-3.5.7.jar:3.5.7]
	at org.springframework.boot.SpringApplication.run(SpringApplication.java:1350) ~[spring-boot-3.5.7.jar:3.5.7]
	at com.grcontrol.GrcontrolBackendApplication.main(GrcontrolBackendApplication.java:10) ~[classes/:na]
	at java.base/jdk.internal.reflect.DirectMethodHandleAccessor.invoke(DirectMethodHandleAccessor.java:103) ~[na:na]
	at java.base/java.lang.reflect.Method.invoke(Method.java:580) ~[na:na]
	at org.springframework.boot.devtools.restart.RestartLauncher.run(RestartLauncher.java:50) ~[spring-boot-devtools-3.5.7.jar:3.5.7]

2025-12-05T14:46:30.786-05:00  INFO 25760 --- [grcontrol_backend] [  restartedMain] o.s.b.w.e.tomcat.GracefulShutdown        : Commencing graceful shutdown. Waiting for active requests to complete
2025-12-05T14:46:30.797-05:00  INFO 25760 --- [grcontrol_backend] [tomcat-shutdown] o.s.b.w.e.tomcat.GracefulShutdown        : Graceful shutdown complete
2025-12-05T14:46:30.803-05:00  INFO 25760 --- [grcontrol_backend] [  restartedMain] j.LocalContainerEntityManagerFactoryBean : Closing JPA EntityManagerFactory for persistence unit 'default'
Hibernate: 
    set client_min_messages = WARNING
Hibernate: 
    alter table if exists arqueos 
       drop constraint if exists FK25or831b49t7aiw8wj10oihej
Hibernate: 
    alter table if exists fuel_price_history 
       drop constraint if exists FKb5x4i4j32602bkrvos75rf761
Hibernate: 
    alter table if exists fuel_price_history 
       drop constraint if exists FK40km062nl32m5kyb0pm0y2x3r
Hibernate: 
    alter table if exists islands 
       drop constraint if exists FK9f8i3585quwhvmpsvsmd4oy5x
Hibernate: 
    alter table if exists movements 
       drop constraint if exists FKcd5t11dc94mepwk9ba99b4gdm
Hibernate: 
    alter table if exists nozzle_readings 
       drop constraint if exists FK5yjqnj1uwy3tvvfg2pc1b6nwj
Hibernate: 
    alter table if exists nozzle_readings 
       drop constraint if exists FKr4w2q6a7b7lrdikpe05k40n4b
Hibernate: 
    alter table if exists nozzle_readings 
       drop constraint if exists FK7jdxoi5au4tjeb4abi1cswt7g
Hibernate: 
    alter table if exists nozzles 
       drop constraint if exists FK3yyne4cm7uqnk5akjc2j280r9
Hibernate: 
    alter table if exists password_reset_tokens 
       drop constraint if exists FKk3ndxg5xp6v7wd4gjyusp15gq
Hibernate: 
    alter table if exists pump_configuration_history 
       drop constraint if exists FKolssoc4js3xxl0vq69yj2sihu
Hibernate: 
    alter table if exists pump_configuration_history 
       drop constraint if exists FKn39a21uurut3rd8re4danurl3
Hibernate: 
    alter table if exists pump_configuration_history 
       drop constraint if exists FKmht3d0xuhvb8l5xg94lmbcr6x
Hibernate: 
    alter table if exists pump_readings 
       drop constraint if exists FKti0y9o4qqdyd9wjf3gj461slg
Hibernate: 
    alter table if exists pump_readings 
       drop constraint if exists FKf8icksaxq376twf9uef5bwokk
Hibernate: 
    alter table if exists pump_readings 
       drop constraint if exists FKeybaxmgknsm57nyko23g203k6
Hibernate: 
    alter table if exists pumps 
       drop constraint if exists FKokydxb9vhinldcqa5ujnmsd0g
Hibernate: 
    alter table if exists shift_schedules 
       drop constraint if exists FKfqxbgbvexsuupj6y4wcu1v4br
Hibernate: 
    alter table if exists shift_sessions 
       drop constraint if exists FKecnnltp224fjrusj1d2eh0ce6
Hibernate: 
    alter table if exists shift_sessions 
       drop constraint if exists FKrid3yllsdhfy4o2jsqobygouj
Hibernate: 
    alter table if exists shift_sessions 
       drop constraint if exists FKgidx3xvdt9tyj3eyqfphlijg2
Hibernate: 
    alter table if exists shift_sessions 
       drop constraint if exists FKhitytg0tq6qe7ev9wuoylyn5
Hibernate: 
    alter table if exists station_administrators 
       drop constraint if exists FKjklw1x08xyb9pdambti6lm38k
Hibernate: 
    alter table if exists station_administrators 
       drop constraint if exists FKj11r1qas26y861914o9orhv47
Hibernate: 
    alter table if exists user_roles 
       drop constraint if exists FKh8ciramu9cc9q3qcqiv4ue8a6
Hibernate: 
    alter table if exists user_roles 
       drop constraint if exists FKhfh9dx7w3ubf1co1vdev94g3f
Hibernate: 
    alter table if exists worker_assignments 
       drop constraint if exists FKcukb60ciufiy5g48xvvg0wsyu
Hibernate: 
    alter table if exists worker_assignments 
       drop constraint if exists FKq03au0v3kc01nrhidma2g3hvg
Hibernate: 
    alter table if exists worker_assignments 
       drop constraint if exists FK38yw4vfewb68l1wdmwhdpbtp
Hibernate: 
    alter table if exists worker_assignments 
       drop constraint if exists FKh032q7bhack42xdq918pgnvm1
Hibernate: 
    drop table if exists arqueos cascade
Hibernate: 
    drop table if exists fuel_price_history cascade
Hibernate: 
    drop table if exists islands cascade
Hibernate: 
    drop table if exists movements cascade
Hibernate: 
    drop table if exists nozzle_readings cascade
Hibernate: 
    drop table if exists nozzles cascade
Hibernate: 
    drop table if exists password_reset_tokens cascade
Hibernate: 
    drop table if exists pump_configuration_history cascade
Hibernate: 
    drop table if exists pump_readings cascade
Hibernate: 
    drop table if exists pumps cascade
Hibernate: 
    drop table if exists roles cascade
Hibernate: 
    drop table if exists shift_schedules cascade
Hibernate: 
    drop table if exists shift_sessions cascade
Hibernate: 
    drop table if exists station_administrators cascade
Hibernate: 
    drop table if exists stations cascade
Hibernate: 
    drop table if exists user_roles cascade
Hibernate: 
    drop table if exists users cascade
Hibernate: 
    drop table if exists worker_assignments cascade
2025-12-05T14:46:31.064-05:00  INFO 25760 --- [grcontrol_backend] [  restartedMain] com.zaxxer.hikari.HikariDataSource       : HikariPool-1 - Shutdown initiated...
2025-12-05T14:46:31.068-05:00  INFO 25760 --- [grcontrol_backend] [  restartedMain] com.zaxxer.hikari.HikariDataSource       : HikariPool-1 - Shutdown completed.
[INFO] ------------------------------------------------------------------------
[INFO] BUILD SUCCESS
[INFO] ------------------------------------------------------------------------
[INFO] Total time:  18.444 s
[INFO] Finished at: 2025-12-05T14:46:31-05:00
[INFO] ------------------------------------------------------------------------

E:\DEV\Grifo Aplicacion\App_Taller\grcontrol_backend>